2026-05-11 18:29:06,134 [Worker-8: Loading available Gradle versions] INFO  o.e.b.c.i.u.g.PublishedGradleVersions - Gradle version information cache is not available. Remote download required.
2026-05-11 18:32:09,374 [Worker-15: Importing Maven projects] INFO  o.e.m.c.i.l.LifecycleMappingFactory - Using org.eclipse.m2e.jdt.JarLifecycleMapping lifecycle mapping for MavenProject: com.banksphere:config-server:0.0.1-SNAPSHOT @ C:\Users\VRUSHABH\OneDrive\Desktop\Banking\backend\config-server\target\classes\META-INF\maven\com.banksphere\config-server\pom.xml.
2026-05-11 18:32:09,895 [Worker-15: Importing Maven projects] INFO  o.e.m.c.i.l.LifecycleMappingFactory - Using org.eclipse.m2e.jdt.JarLifecycleMapping lifecycle mapping for MavenProject: com.banksphere:discovery-server:0.0.1-SNAPSHOT @ C:\Users\VRUSHABH\OneDrive\Desktop\Banking\backend\discovery-server\target\classes\META-INF\maven\com.banksphere\discovery-server\pom.xml.
2026-05-11 18:32:11,062 [Worker-15: Importing Maven projects] INFO  o.e.m.j.i.AbstractJavaProjectConfigurator - Adding source folder /config-server/src/main/java
2026-05-11 18:32:11,064 [Worker-15: Importing Maven projects] INFO  o.e.m.j.i.AbstractJavaProjectConfigurator - Adding resource folder /config-server/src/main/resources
2026-05-11 18:32:11,065 [Worker-15: Importing Maven projects] INFO  o.e.m.j.i.AbstractJavaProjectConfigurator - Adding resource folder /config-server/src/main/resources
2026-05-11 18:32:11,066 [Worker-15: Importing Maven projects] INFO  o.e.m.j.i.AbstractJavaProjectConfigurator - Adding source folder /config-server/src/test/java
2026-05-11 18:32:11,067 [Worker-15: Importing Maven projects] INFO  o.e.m.j.i.AbstractJavaProjectConfigurator - Adding resource folder /config-server/src/test/resources
2026-05-11 18:32:11,942 [Worker-15: Importing Maven projects] INFO  o.e.m.j.i.AbstractJavaProjectConfigurator - Adding source folder /discovery-server/src/main/java
2026-05-11 18:32:11,943 [Worker-15: Importing Maven projects] INFO  o.e.m.j.i.AbstractJavaProjectConfigurator - Adding resource folder /discovery-server/src/main/resources
2026-05-11 18:32:11,944 [Worker-15: Importing Maven projects] INFO  o.e.m.j.i.AbstractJavaProjectConfigurator - Adding resource folder /discovery-server/src/main/resources
2026-05-11 18:32:11,944 [Worker-15: Importing Maven projects] INFO  o.e.m.j.i.AbstractJavaProjectConfigurator - Adding source folder /discovery-server/src/test/java
2026-05-11 18:32:11,945 [Worker-15: Importing Maven projects] INFO  o.e.m.j.i.AbstractJavaProjectConfigurator - Adding resource folder /discovery-server/src/test/resources
2026-05-11 18:32:12,275 [Worker-15: Importing Maven projects] INFO  o.e.m.c.i.p.ProjectConfigurationManager - Imported and configured 2 project(s) in 4 sec
2026-05-11 18:32:12,651 [Worker-18: Updating Maven Project] INFO  o.e.m.c.i.p.ProjectConfigurationManager - Update started
2026-05-11 18:32:13,538 [Worker-18: Updating Maven Project] INFO  o.e.m.c.i.l.LifecycleMappingFactory - Using org.eclipse.m2e.jdt.JarLifecycleMapping lifecycle mapping for MavenProject: com.banksphere:config-server:0.0.1-SNAPSHOT @ C:\Users\VRUSHABH\OneDrive\Desktop\Banking\backend\config-server\target\classes\META-INF\maven\com.banksphere\config-server\pom.xml.
2026-05-11 18:32:14,063 [Worker-18: Updating Maven Project] INFO  o.e.m.c.i.l.LifecycleMappingFactory - Using org.eclipse.m2e.jdt.JarLifecycleMapping lifecycle mapping for MavenProject: com.banksphere:discovery-server:0.0.1-SNAPSHOT @ C:\Users\VRUSHABH\OneDrive\Desktop\Banking\backend\discovery-server\target\classes\META-INF\maven\com.banksphere\discovery-server\pom.xml.
2026-05-11 18:32:15,122 [Worker-18: Updating Maven Project] INFO  o.e.m.j.i.AbstractJavaProjectConfigurator - Adding source folder /config-server/src/main/java
2026-05-11 18:32:15,124 [Worker-18: Updating Maven Project] INFO  o.e.m.j.i.AbstractJavaProjectConfigurator - Adding resource folder /config-server/src/main/resources
2026-05-11 18:32:15,125 [Worker-18: Updating Maven Project] INFO  o.e.m.j.i.AbstractJavaProjectConfigurator - Adding resource folder /config-server/src/main/resources
2026-05-11 18:32:15,125 [Worker-18: Updating Maven Project] INFO  o.e.m.j.i.AbstractJavaProjectConfigurator - Adding source folder /config-server/src/test/java
2026-05-11 18:32:15,126 [Worker-18: Updating Maven Project] INFO  o.e.m.j.i.AbstractJavaProjectConfigurator - Adding resource folder /config-server/src/test/resources
2026-05-11 18:32:15,457 [Worker-18: Updating Maven Project] INFO  o.e.m.j.i.AbstractJavaProjectConfigurator - Adding source folder /discovery-server/src/main/java
2026-05-11 18:32:15,458 [Worker-18: Updating Maven Project] INFO  o.e.m.j.i.AbstractJavaProjectConfigurator - Adding resource folder /discovery-server/src/main/resources
2026-05-11 18:32:15,458 [Worker-18: Updating Maven Project] INFO  o.e.m.j.i.AbstractJavaProjectConfigurator - Adding resource folder /discovery-server/src/main/resources
2026-05-11 18:32:15,458 [Worker-18: Updating Maven Project] INFO  o.e.m.j.i.AbstractJavaProjectConfigurator - Adding source folder /discovery-server/src/test/java
2026-05-11 18:32:15,460 [Worker-18: Updating Maven Project] INFO  o.e.m.j.i.AbstractJavaProjectConfigurator - Adding resource folder /discovery-server/src/test/resources
2026-05-11 18:32:16,210 [Worker-18: Updating Maven Project] INFO  o.e.m.c.i.p.ProjectConfigurationManager - Update completed for 2 poms: local refresh takes 0.00 sec, refresh facades takes 2.00 sec, update config takes 0.00 sec 
2026-05-11 18:32:16,792 [Worker-18: Building] INFO  o.a.m.s.f.DefaultMavenResourcesFiltering - skip non existing resourceDirectory C:\Users\VRUSHABH\OneDrive\Desktop\Banking\backend\config-server\target\classes\META-INF\maven\com.banksphere\config-server\src\main\resources
2026-05-11 18:32:16,792 [Worker-18: Building] INFO  o.a.m.s.f.DefaultMavenResourcesFiltering - skip non existing resourceDirectory C:\Users\VRUSHABH\OneDrive\Desktop\Banking\backend\config-server\target\classes\META-INF\maven\com.banksphere\config-server\src\main\resources
2026-05-11 18:32:16,799 [Worker-18: Building] INFO  o.a.m.s.f.DefaultMavenResourcesFiltering - skip non existing resourceDirectory C:\Users\VRUSHABH\OneDrive\Desktop\Banking\backend\config-server\target\classes\META-INF\maven\com.banksphere\config-server\src\test\resources
2026-05-11 18:32:17,410 [Worker-18: Building] INFO  o.a.m.s.f.DefaultMavenResourcesFiltering - skip non existing resourceDirectory C:\Users\VRUSHABH\OneDrive\Desktop\Banking\backend\discovery-server\target\classes\META-INF\maven\com.banksphere\discovery-server\src\main\resources
2026-05-11 18:32:17,410 [Worker-18: Building] INFO  o.a.m.s.f.DefaultMavenResourcesFiltering - skip non existing resourceDirectory C:\Users\VRUSHABH\OneDrive\Desktop\Banking\backend\discovery-server\target\classes\META-INF\maven\com.banksphere\discovery-server\src\main\resources
2026-05-11 18:32:17,413 [Worker-18: Building] INFO  o.a.m.s.f.DefaultMavenResourcesFiltering - skip non existing resourceDirectory C:\Users\VRUSHABH\OneDrive\Desktop\Banking\backend\discovery-server\target\classes\META-INF\maven\com.banksphere\discovery-server\src\test\resources
